[0m14:23:07.920417 [debug] [MainThread]: Sending event: {'category': 'dbt', 'action': 'invocation', 'label': 'start', 'context': [<snowplow_tracker.self_describing_json.SelfDescribingJson object at 0x1076f2e40>, <snowplow_tracker.self_describing_json.SelfDescribingJson object at 0x1088c7d90>, <snowplow_tracker.self_describing_json.SelfDescribingJson object at 0x1088c7ed0>]}


============================== 14:23:07.935496 | b7969fec-46d9-4721-9db3-e9e24e7aa13d ==============================
[0m14:23:07.935496 [info ] [MainThread]: Running with dbt=1.9.4
[0m14:23:07.935763 [debug] [MainThread]: running dbt with arguments {'printer_width': '80', 'indirect_selection': 'eager', 'write_json': 'True', 'log_cache_events': 'False', 'partial_parse': 'True', 'cache_selected_only': 'False', 'warn_error': 'None', 'fail_fast': 'False', 'version_check': 'True', 'log_path': 'logs', 'debug': 'False', 'profiles_dir': '/Users/georgio/.dbt', 'use_colors': 'True', 'use_experimental_parser': 'False', 'no_print': 'None', 'quiet': 'False', 'empty': 'None', 'log_format': 'default', 'static_parser': 'True', 'warn_error_options': 'WarnErrorOptions(include=[], exclude=[])', 'introspect': 'True', 'target_path': 'None', 'invocation_command': 'dbt init nba_analytics', 'send_anonymous_usage_stats': 'True'}
[0m14:23:07.957100 [warn ] [MainThread]: [ConfigFolderDirectory]: Unable to parse logging event dictionary. Failed to parse dir field: expected string or bytes-like object, got 'PosixPath'.. Dictionary: {'dir': PosixPath('/Users/georgio/.dbt')}
[0m14:23:07.957277 [info ] [MainThread]: Creating dbt configuration folder at 
[0m14:23:07.958037 [debug] [MainThread]: Starter project path: /Users/georgio/Projects/nba-duckdb-dbt/.venv/lib/python3.13/site-packages/dbt/include/starter_project
[0m14:23:07.960418 [info ] [MainThread]: 
Your new dbt project "nba_analytics" was created!

For more information on how to configure the profiles.yml file,
please consult the dbt documentation here:

  https://docs.getdbt.com/docs/configure-your-profile

One more thing:

Need help? Don't hesitate to reach out to us via GitHub issues or on Slack:

  https://community.getdbt.com/

Happy modeling!

[0m14:23:07.960528 [info ] [MainThread]: Setting up your profile.
[0m14:23:16.986758 [info ] [MainThread]: Profile nba_analytics written to /Users/georgio/.dbt/profiles.yml using target's sample configuration. Once updated, you'll be able to start developing with dbt.
[0m14:23:16.987118 [debug] [MainThread]: Resource report: {"command_name": "init", "command_success": true, "command_wall_clock_time": 9.089126, "process_in_blocks": "0", "process_kernel_time": 0.246474, "process_mem_max_rss": "149061632", "process_out_blocks": "0", "process_user_time": 1.130769}
[0m14:23:16.987298 [debug] [MainThread]: Command `dbt init` succeeded at 14:23:16.987255 after 9.09 seconds
[0m14:23:16.987448 [debug] [MainThread]: Sending event: {'category': 'dbt', 'action': 'invocation', 'label': 'end', 'context': [<snowplow_tracker.self_describing_json.SelfDescribingJson object at 0x1088fb490>, <snowplow_tracker.self_describing_json.SelfDescribingJson object at 0x108ce43b0>, <snowplow_tracker.self_describing_json.SelfDescribingJson object at 0x108b5d6a0>]}
[0m14:23:16.987627 [debug] [MainThread]: Flushing usage events
[0m14:23:17.407037 [debug] [MainThread]: An error was encountered while trying to flush usage events
[0m17:34:27.121635 [debug] [MainThread]: Sending event: {'category': 'dbt', 'action': 'invocation', 'label': 'start', 'context': [<snowplow_tracker.self_describing_json.SelfDescribingJson object at 0x1087bae40>, <snowplow_tracker.self_describing_json.SelfDescribingJson object at 0x10955f9d0>, <snowplow_tracker.self_describing_json.SelfDescribingJson object at 0x10955fc50>]}


============================== 17:34:27.124312 | ef69bc49-0f4d-499e-a1b6-7263c2395e52 ==============================
[0m17:34:27.124312 [info ] [MainThread]: Running with dbt=1.9.4
[0m17:34:27.124566 [debug] [MainThread]: running dbt with arguments {'printer_width': '80', 'indirect_selection': 'eager', 'log_cache_events': 'False', 'write_json': 'True', 'partial_parse': 'True', 'cache_selected_only': 'False', 'warn_error': 'None', 'version_check': 'True', 'profiles_dir': '/Users/georgio/.dbt', 'log_path': 'logs', 'debug': 'False', 'fail_fast': 'False', 'use_colors': 'True', 'use_experimental_parser': 'False', 'no_print': 'None', 'quiet': 'False', 'empty': 'None', 'warn_error_options': 'WarnErrorOptions(include=[], exclude=[])', 'introspect': 'True', 'log_format': 'default', 'static_parser': 'True', 'target_path': 'None', 'invocation_command': 'dbt debug', 'send_anonymous_usage_stats': 'True'}
[0m17:34:27.128094 [info ] [MainThread]: dbt version: 1.9.4
[0m17:34:27.128233 [info ] [MainThread]: python version: 3.13.2
[0m17:34:27.128339 [info ] [MainThread]: python path: /Users/georgio/Projects/nba-duckdb-dbt/.venv/bin/python
[0m17:34:27.128435 [info ] [MainThread]: os info: macOS-26.2-arm64-arm-64bit-Mach-O
[0m17:34:27.162686 [info ] [MainThread]: Using profiles dir at /Users/georgio/.dbt
[0m17:34:27.162887 [info ] [MainThread]: Using profiles.yml file at /Users/georgio/.dbt/profiles.yml
[0m17:34:27.163004 [info ] [MainThread]: Using dbt_project.yml file at /Users/georgio/Projects/nba-duckdb-dbt/src/transform/dbt_project.yml
[0m17:34:27.163927 [info ] [MainThread]: adapter type: duckdb
[0m17:34:27.164040 [info ] [MainThread]: adapter version: 1.9.3
[0m17:34:27.164146 [info ] [MainThread]: Configuration:
[0m17:34:27.164237 [info ] [MainThread]:   profiles.yml file [[32mOK found and valid[0m]
[0m17:34:27.164334 [info ] [MainThread]:   dbt_project.yml file [[31mERROR not found[0m]
[0m17:34:27.164426 [info ] [MainThread]: Required dependencies:
[0m17:34:27.164555 [debug] [MainThread]: Executing "git --help"
[0m17:34:27.169958 [debug] [MainThread]: STDOUT: "b"usage: git [-v | --version] [-h | --help] [-C <path>] [-c <name>=<value>]\n           [--exec-path[=<path>]] [--html-path] [--man-path] [--info-path]\n           [-p | --paginate | -P | --no-pager] [--no-replace-objects] [--no-lazy-fetch]\n           [--no-optional-locks] [--no-advice] [--bare] [--git-dir=<path>]\n           [--work-tree=<path>] [--namespace=<name>] [--config-env=<name>=<envvar>]\n           <command> [<args>]\n\nThese are common Git commands used in various situations:\n\nstart a working area (see also: git help tutorial)\n   clone     Clone a repository into a new directory\n   init      Create an empty Git repository or reinitialize an existing one\n\nwork on the current change (see also: git help everyday)\n   add       Add file contents to the index\n   mv        Move or rename a file, a directory, or a symlink\n   restore   Restore working tree files\n   rm        Remove files from the working tree and from the index\n\nexamine the history and state (see also: git help revisions)\n   bisect    Use binary search to find the commit that introduced a bug\n   diff      Show changes between commits, commit and working tree, etc\n   grep      Print lines matching a pattern\n   log       Show commit logs\n   show      Show various types of objects\n   status    Show the working tree status\n\ngrow, mark and tweak your common history\n   branch    List, create, or delete branches\n   commit    Record changes to the repository\n   merge     Join two or more development histories together\n   rebase    Reapply commits on top of another base tip\n   reset     Reset current HEAD to the specified state\n   switch    Switch branches\n   tag       Create, list, delete or verify a tag object signed with GPG\n\ncollaborate (see also: git help workflows)\n   fetch     Download objects and refs from another repository\n   pull      Fetch from and integrate with another repository or a local branch\n   push      Update remote refs along with associated objects\n\n'git help -a' and 'git help -g' list available subcommands and some\nconcept guides. See 'git help <command>' or 'git help <concept>'\nto read about a specific subcommand or concept.\nSee 'git help git' for an overview of the system.\n""
[0m17:34:27.170413 [debug] [MainThread]: STDERR: "b''"
[0m17:34:27.170615 [info ] [MainThread]:  - git [[32mOK found[0m]

[0m17:34:27.170868 [info ] [MainThread]: Connection:
[0m17:34:27.171081 [info ] [MainThread]:   database: dev
[0m17:34:27.171238 [info ] [MainThread]:   schema: main
[0m17:34:27.171372 [info ] [MainThread]:   path: dev.duckdb
[0m17:34:27.171646 [info ] [MainThread]:   config_options: None
[0m17:34:27.171832 [info ] [MainThread]:   extensions: None
[0m17:34:27.171978 [info ] [MainThread]:   settings: {}
[0m17:34:27.172086 [info ] [MainThread]:   external_root: .
[0m17:34:27.172195 [info ] [MainThread]:   use_credential_provider: None
[0m17:34:27.172303 [info ] [MainThread]:   attach: None
[0m17:34:27.172410 [info ] [MainThread]:   filesystems: None
[0m17:34:27.172518 [info ] [MainThread]:   remote: None
[0m17:34:27.172617 [info ] [MainThread]:   plugins: None
[0m17:34:27.172709 [info ] [MainThread]:   disable_transactions: False
[0m17:34:27.172996 [info ] [MainThread]: Registered adapter: duckdb=1.9.3
[0m17:34:27.202225 [debug] [MainThread]: Acquiring new duckdb connection 'debug'
[0m17:34:27.246300 [debug] [MainThread]: Using duckdb connection "debug"
[0m17:34:27.246462 [debug] [MainThread]: On debug: select 1 as id
[0m17:34:27.246562 [debug] [MainThread]: Opening a new connection, currently in state init
[0m17:34:27.255223 [debug] [MainThread]: SQL status: OK in 0.009 seconds
[0m17:34:27.255588 [debug] [MainThread]: On debug: Close
[0m17:34:27.255713 [info ] [MainThread]:   Connection test: [[32mOK connection ok[0m]

[0m17:34:27.255833 [info ] [MainThread]: [31m1 check failed:[0m
[0m17:34:27.255928 [info ] [MainThread]: Project loading failed for the following reason:
 project path </Users/georgio/Projects/nba-duckdb-dbt/src/transform/dbt_project.yml> not found

[0m17:34:27.256156 [debug] [MainThread]: Resource report: {"command_name": "debug", "command_success": false, "command_wall_clock_time": 0.15465575, "process_in_blocks": "0", "process_kernel_time": 0.102419, "process_mem_max_rss": "133332992", "process_out_blocks": "0", "process_user_time": 0.477454}
[0m17:34:27.256320 [debug] [MainThread]: Command `dbt debug` failed at 17:34:27.256278 after 0.15 seconds
[0m17:34:27.256451 [debug] [MainThread]: Connection 'debug' was properly closed.
[0m17:34:27.256586 [debug] [MainThread]: Sending event: {'category': 'dbt', 'action': 'invocation', 'label': 'end', 'context': [<snowplow_tracker.self_describing_json.SelfDescribingJson object at 0x109a942b0>, <snowplow_tracker.self_describing_json.SelfDescribingJson object at 0x10973bbf0>, <snowplow_tracker.self_describing_json.SelfDescribingJson object at 0x10960b130>]}
[0m17:34:27.256754 [debug] [MainThread]: Flushing usage events
[0m17:34:27.655979 [debug] [MainThread]: An error was encountered while trying to flush usage events
